// Jest Snapshot v1, https://goo.gl/fbAQLP

exports[`pruebas en el componente <GiFGridItem /> comparar contra el snapshot del componente 1`] = `
<div
  className="card animate__animated animate__fadeInDown"
>
  <img
    alt="Batman"
    src="https://localhost:3000/batman.png"
  />
  <p>
    Batman
  </p>
</div>
`;
